// Jest Snapshot v1, https://goo.gl/fbAQLP

exports[`Counter Component test should match with the snapshot 1`] = `
<div>
  <h1>Counter</h1>
  <h2 data-testid="initialCount">100</h2>
  <p><span data-testid="counter">100</span><sup>2</sup> = 10000</p>
  <p></p><button>Increment</button><button>Decrement</button>
</div>
`;
